
> my-v0-project@0.1.0 build
> next build

  Γû▓ Next.js 14.2.35
  - Environments: .env

   Creating an optimized production build ...
 Γ£ô Compiled successfully
   Skipping validation of types
   Skipping linting
   Collecting page data ...
npm : unhandledRejection Error [PageNotFoundError]: Cannot find module for page: /_document
At line:1 char:148
+ ... op-Process -Force; Start-Sleep -Seconds 2; npm run build 2>&1 | Tee-O ...
+                                                ~~~~~~~~~~~~~~~~~~
    + CategoryInfo          : NotSpecified: (unhandledReject...age: /_document:String) [], RemoteException
    + FullyQualifiedErrorId : NativeCommandError
 
    at getPagePath (C:\Users\Roba\Documents\Fenot\Admin-Backend-Fenotss\node_modules\next\dist\server\require.js:94:15)
    at requirePage (C:\Users\Roba\Documents\Fenot\Admin-Backend-Fenotss\node_modules\next\dist\server\require.js:99:22)
    at C:\Users\Roba\Documents\Fenot\Admin-Backend-Fenotss\node_modules\next\dist\server\load-components.js:72:65
    at process.processTicksAndRejections (node:internal/process/task_queues:95:5)
    at async Promise.all (index 0)
    at async loadComponentsImpl 
(C:\Users\Roba\Documents\Fenot\Admin-Backend-Fenotss\node_modules\next\dist\server\load-components.js:71:33)
    at async Object.getDefinedNamedExports 
(C:\Users\Roba\Documents\Fenot\Admin-Backend-Fenotss\node_modules\next\dist\build\utils.js:1291:24) {
  type: 'PageNotFoundError',
  code: 'ENOENT'
}
